[09-19 22:49:28] ==================================================
[09-19 22:49:28] ChatBox 0.1-capture start (phase 1: capture only)
[09-19 22:49:28] config: ChatBox=1 LogRaw=1 LogText=1
[09-19 22:49:28] log file: E:\RA2\Mental Omega\MsgLog\2026-09-19_22-49-28.log
[09-19 22:49:28] --------------------------------------------------
[09-19 22:49:28] #1 ret=0x004F9E01 id=0 cs=6 style=0x00004046 to=1259 sp=0 nameLen=0 textLen=21 name="" text="moonbamboo与douniwan结盟"
[09-19 22:49:28] #2 ret=0x004F9E01 id=0 cs=6 style=0x00004046 to=1259 sp=0 nameLen=0 textLen=21 name="" text="douniwan与moonbamboo结盟"
[09-19 22:49:37] #3 ret=0x004F9E01 id=0 cs=6 style=0x00004046 to=1259 sp=0 nameLen=0 textLen=21 name="" text="moonbamboo与douniwan结盟"
[09-19 22:49:37] #4 ret=0x004F9E01 id=0 cs=6 style=0x00004046 to=1259 sp=0 nameLen=0 textLen=21 name="" text="douniwan与moonbamboo结盟"
[09-19 22:49:40] #5 ret=0x006DE127 id=0 cs=28 style=0x00004046 to=1259 sp=0 nameLen=0 textLen=6 name="" text="难度： 终结"
[09-19 22:49:42] #6 ret=0x006DE127 id=0 cs=28 style=0x00004046 to=1259 sp=0 nameLen=0 textLen=25 name="" text="苏联入侵了。 通过一次两栖突袭， 他们在南部建立了"
[09-19 22:49:42] #7 ret=0x006DE127 id=0 cs=28 style=0x00004046 to=1259 sp=0 nameLen=0 textLen=27 name="" text="两处据点。 你们要在城市中建立基地并阻止他们继续扩张。"
[09-19 22:49:46] #8 ret=0x006DE127 id=0 cs=28 style=0x00004046 to=1259 sp=0 nameLen=0 textLen=19 name="" text="任务目标一： 消灭洛杉矶的拉丁同盟部队"
[09-19 22:49:48] #9 ret=0x006DE127 id=0 cs=28 style=0x00004046 to=1259 sp=0 nameLen=0 textLen=12 name="" text="玩家二 - 援军已经到达"
[09-19 22:49:58] #10 ret=0x00732BF5 id=0 cs=7 style=0x00004046 to=240 sp=1 nameLen=0 textLen=8 name="" text="选取部队横越画面"
[09-19 22:49:58] #11 ret=0x00732BF5 id=0 cs=7 style=0x00004046 to=240 sp=1 nameLen=0 textLen=8 name="" text="选取部队横越地图"
[09-19 22:50:03] #12 ret=0x0055F0FA id=2 cs=7 style=0x00004046 to=1259 sp=0 nameLen=10 textLen=4 name="moonbamboo" text="??? "
[09-19 22:50:04] #13 ret=0x006DE127 id=0 cs=28 style=0x00004046 to=1259 sp=0 nameLen=0 textLen=34 name="" text="好莱坞的动作英雄们居然在为敌人而战 ！ 他们以为这是在拍电影吗？ ！"
[09-19 22:50:07] #14 ret=0x0048D97E id=6 cs=15 style=0x00004046 to=1259 sp=0 nameLen=8 textLen=4 name="douniwan" text="??? "
[09-19 22:50:08] #15 ret=0x006DE127 id=0 cs=28 style=0x00004046 to=1259 sp=0 nameLen=0 textLen=12 name="" text="玩家二 - 援军已经到达"
[09-19 22:50:15] #16 ret=0x0055F0FA id=2 cs=7 style=0x00004046 to=1259 sp=0 nameLen=10 textLen=5 name="moonbamboo" text="test "
[09-19 22:50:16] #17 ret=0x0055F0FA id=2 cs=7 style=0x00004046 to=1259 sp=0 nameLen=10 textLen=5 name="moonbamboo" text="test "
[09-19 22:50:17] #18 ret=0x00430D31 id=0 cs=7 style=0x00004046 to=225 sp=0 nameLen=0 textLen=24 name="" text="选择一个通信信标， 再按 Enter 键输入讯息"
[09-19 22:50:17] #19 ret=0x00430D6E id=0 cs=7 style=0x00004046 to=225 sp=0 nameLen=0 textLen=21 name="" text="选择一个通信信标， 再按 Del 将其移除"
[09-19 22:50:17] #20 ret=0x004C79F4 id=0 cs=15 style=0x00004046 to=1259 sp=0 nameLen=0 textLen=20 name="" text="玩家douniwan改变了游戏速度设定。"
[09-19 22:50:20] #21 ret=0x00732BF5 id=0 cs=7 style=0x00004046 to=240 sp=1 nameLen=0 textLen=3 name="" text="未选取"
[09-19 22:50:20] #22 ret=0x00732BF5 id=0 cs=7 style=0x00004046 to=240 sp=1 nameLen=0 textLen=3 name="" text="未选取"
[09-19 22:50:20] #23 ret=0x00732BF5 id=0 cs=7 style=0x00004046 to=240 sp=1 nameLen=0 textLen=3 name="" text="未选取"
[09-19 22:50:20] #24 ret=0x00732BF5 id=0 cs=7 style=0x00004046 to=240 sp=1 nameLen=0 textLen=3 name="" text="未选取"
[09-19 22:50:21] #25 ret=0x006DE127 id=0 cs=28 style=0x00004046 to=1259 sp=0 nameLen=0 textLen=16 name="" text="特工谭雅会在这次行动中协助你们。"
[09-19 22:50:21] #26 ret=0x00732BF5 id=0 cs=7 style=0x00004046 to=240 sp=1 nameLen=0 textLen=8 name="" text="选取部队横越地图"
[09-19 22:50:22] #27 ret=0x00732BF5 id=0 cs=7 style=0x00004046 to=240 sp=1 nameLen=0 textLen=8 name="" text="选取部队横越地图"
[09-19 22:50:24] #28 ret=0x00732BF5 id=0 cs=7 style=0x00004046 to=240 sp=1 nameLen=0 textLen=8 name="" text="选取部队横越地图"
[09-19 22:50:24] #29 ret=0x00732BF5 id=0 cs=7 style=0x00004046 to=240 sp=1 nameLen=0 textLen=8 name="" text="选取部队横越地图"
[09-19 22:50:24] #30 ret=0x00732BF5 id=0 cs=7 style=0x00004046 to=240 sp=1 nameLen=0 textLen=8 name="" text="选取部队横越地图"
[09-19 22:50:28] #31 ret=0x006DE127 id=0 cs=28 style=0x00004046 to=1259 sp=0 nameLen=0 textLen=24 name="" text="提示 - 洛杉矶城内有一些有价值的中立科技建筑。"
[09-19 22:50:29] #32 ret=0x00730AC8 id=0 cs=7 style=0x00004046 to=480 sp=1 nameLen=0 textLen=24 name="" text="您进入了路径点模式。 释放路径点功能键即可退出。"
[09-19 22:50:31] #33 ret=0x00730AC8 id=0 cs=7 style=0x00004046 to=480 sp=1 nameLen=0 textLen=33 name="" text="您建立了一个巡逻循环。 部队在获得新命令之前， 会遵照此循环行动。"
[09-19 22:50:32] #34 ret=0x00730AC8 id=0 cs=7 style=0x00004046 to=480 sp=1 nameLen=0 textLen=27 name="" text="当您退出路径点模式时， 部队将会按照其路径点路线前进。"
[09-19 22:50:54] #35 ret=0x00730AC8 id=0 cs=7 style=0x00004046 to=480 sp=1 nameLen=0 textLen=25 name="" text="您进入了路径点模式。 再按一下路径点按钮即可离开。"
[09-19 22:50:56] #36 ret=0x006DE127 id=0 cs=28 style=0x00004046 to=1259 sp=0 nameLen=0 textLen=23 name="" text="当心， 苏联正在使用危险的白磷来对付我军部队。"
[09-19 22:51:00] #37 ret=0x00730AC8 id=0 cs=7 style=0x00004046 to=480 sp=1 nameLen=0 textLen=25 name="" text="您进入了路径点模式。 再按一下路径点按钮即可离开。"
[09-19 22:51:00] #38 ret=0x00730AC8 id=0 cs=7 style=0x00004046 to=480 sp=1 nameLen=0 textLen=27 name="" text="当您退出路径点模式时， 部队将会按照其路径点路线前进。"
[09-19 22:51:01] #39 ret=0x00730AC8 id=0 cs=7 style=0x00004046 to=480 sp=1 nameLen=0 textLen=25 name="" text="您进入了路径点模式。 再按一下路径点按钮即可离开。"
[09-19 22:51:01] #40 ret=0x00730AC8 id=0 cs=7 style=0x00004046 to=480 sp=1 nameLen=0 textLen=27 name="" text="当您退出路径点模式时， 部队将会按照其路径点路线前进。"
[09-19 22:51:09] #41 ret=0x00732BF5 id=0 cs=7 style=0x00004046 to=240 sp=1 nameLen=0 textLen=8 name="" text="选取部队横越地图"
[09-19 22:51:09] #42 ret=0x006DE127 id=0 cs=28 style=0x00004046 to=1259 sp=0 nameLen=0 textLen=18 name="" text="玩家二 - 机动建设车援军已经到达。"
[09-19 22:51:11] #43 ret=0x00732BF5 id=0 cs=7 style=0x00004046 to=240 sp=1 nameLen=0 textLen=8 name="" text="选取部队横越地图"
[09-19 22:51:11] #44 ret=0x00732BF5 id=0 cs=7 style=0x00004046 to=240 sp=1 nameLen=0 textLen=8 name="" text="选取部队横越地图"
[09-19 22:51:11] #45 ret=0x00732BF5 id=0 cs=7 style=0x00004046 to=240 sp=1 nameLen=0 textLen=8 name="" text="选取部队横越地图"
[09-19 22:51:12] #46 ret=0x00732BF5 id=0 cs=7 style=0x00004046 to=240 sp=1 nameLen=0 textLen=8 name="" text="选取部队横越地图"
[09-19 22:51:12] #47 ret=0x00732BF5 id=0 cs=7 style=0x00004046 to=240 sp=1 nameLen=0 textLen=8 name="" text="选取部队横越地图"
[09-19 22:51:12] #48 ret=0x00732BF5 id=0 cs=7 style=0x00004046 to=240 sp=1 nameLen=0 textLen=8 name="" text="选取部队横越地图"
[09-19 22:51:32] #49 ret=0x00732BF5 id=0 cs=7 style=0x00004046 to=240 sp=1 nameLen=0 textLen=8 name="" text="选取部队横越地图"
[09-19 22:51:32] #50 ret=0x00732BF5 id=0 cs=7 style=0x00004046 to=240 sp=1 nameLen=0 textLen=8 name="" text="选取部队横越地图"
[09-19 22:51:32] #51 ret=0x00732BF5 id=0 cs=7 style=0x00004046 to=240 sp=1 nameLen=0 textLen=8 name="" text="选取部队横越地图"
[09-19 22:51:33] #52 ret=0x006DE127 id=0 cs=28 style=0x00004046 to=1259 sp=0 nameLen=0 textLen=19 name="" text="任务目标一： 消灭洛杉矶的拉丁同盟部队"
[09-19 22:51:39] #53 ret=0x00730AC8 id=0 cs=7 style=0x00004046 to=480 sp=1 nameLen=0 textLen=25 name="" text="您进入了路径点模式。 再按一下路径点按钮即可离开。"
[09-19 22:51:39] #54 ret=0x00730AC8 id=0 cs=7 style=0x00004046 to=480 sp=1 nameLen=0 textLen=27 name="" text="当您退出路径点模式时， 部队将会按照其路径点路线前进。"
[09-19 22:51:40] #55 ret=0x00730AC8 id=0 cs=7 style=0x00004046 to=480 sp=1 nameLen=0 textLen=25 name="" text="您进入了路径点模式。 再按一下路径点按钮即可离开。"
[09-19 22:51:41] #56 ret=0x00730AC8 id=0 cs=7 style=0x00004046 to=480 sp=1 nameLen=0 textLen=27 name="" text="当您退出路径点模式时， 部队将会按照其路径点路线前进。"
