[09-20 01:35:39] ==================================================
[09-20 01:35:39] ChatBox 0.2.1-window start
[09-20 01:35:39] config: ChatBox=1 LogRaw=1 LogText=1 LogUtf8=0
[09-20 01:35:39] log file: E:\RA2\Mental Omega\MsgLog\2026-09-20_01-35-39.log
[09-20 01:35:39] --------------------------------------------------
[09-20 01:35:39] #1 ret=0x006DE127 id=0 cs=28 style=0x00004046 to=1259 sp=0 nameLen=0 textLen=6 name="" text="难度： 终结"
[09-20 01:35:39] draw: lineH=17 (BitFont+0x1C=17)
[09-20 01:35:39] draw: cfg MaxWidth=200 (0 = auto)
[09-20 01:35:39] color: cs=28 base=(130,255,255) shown=(0,240,255)
[09-20 01:35:39] color: cs=28 base=(130,255,255) shown=(0,240,255)
[09-20 01:35:39] color: cs=28 base=(130,255,255) shown=(0,240,255)
[09-20 01:35:39] color: cs=28 base=(130,255,255) shown=(0,240,255)
[09-20 01:35:39] color: cs=28 base=(130,255,255) shown=(0,240,255)
[09-20 01:35:39] color: cs=28 base=(130,255,255) shown=(0,240,255)
[09-20 01:35:40] color: cs=28 base=(130,255,255) shown=(0,240,255)
[09-20 01:35:40] color: cs=28 base=(130,255,255) shown=(0,240,255)
[09-20 01:35:40] color: cs=28 base=(130,255,255) shown=(0,240,255)
[09-20 01:35:40] color: cs=28 base=(130,255,255) shown=(0,240,255)
[09-20 01:35:40] color: cs=28 base=(130,255,255) shown=(0,240,255)
[09-20 01:35:40] color: cs=28 base=(130,255,255) shown=(0,240,255)
[09-20 01:35:42] #2 ret=0x006DE127 id=0 cs=28 style=0x00004046 to=1259 sp=0 nameLen=0 textLen=20 name="" text="这片区域可能是我们南部防线最薄弱的地带。"
[09-20 01:35:42] #3 ret=0x006DE127 id=0 cs=28 style=0x00004046 to=1259 sp=0 nameLen=0 textLen=22 name="" text="拉丁同盟的坦克正在接近这里， 并会发动攻击。"
