[09-20 01:37:42] ==================================================
[09-20 01:37:42] ChatBox 0.2.1-window start
[09-20 01:37:42] config: ChatBox=1 LogRaw=1 LogText=1 LogUtf8=0
[09-20 01:37:42] log file: E:\RA2\Mental Omega\MsgLog\2026-09-20_01-37-42.log
[09-20 01:37:42] --------------------------------------------------
[09-20 01:37:42] #1 ret=0x006DE127 id=0 cs=32 style=0x00004046 to=1259 sp=0 nameLen=0 textLen=30 name="" text="- 加利福尼亚州， 范登堡空军基地， 1982年3月7日 -"
[09-20 01:37:42] #2 ret=0x006DE127 id=0 cs=32 style=0x00004046 to=1259 sp=0 nameLen=0 textLen=6 name="" text="难度： 终结"
[09-20 01:37:42] draw: lineH=17 (BitFont+0x1C=17)
[09-20 01:37:42] draw: cfg MaxWidth=200 (0 = auto)
[09-20 01:37:42] color: cs=32 base=(40,255,255) shown=(255,240,0)
[09-20 01:37:42] color: cs=32 base=(40,255,255) shown=(255,240,0)
[09-20 01:37:42] color: cs=32 base=(40,255,255) shown=(255,240,0)
[09-20 01:37:42] color: cs=32 base=(40,255,255) shown=(255,240,0)
[09-20 01:37:42] color: cs=32 base=(40,255,255) shown=(255,240,0)
[09-20 01:37:42] color: cs=32 base=(40,255,255) shown=(255,240,0)
[09-20 01:37:42] color: cs=32 base=(40,255,255) shown=(255,240,0)
[09-20 01:37:42] color: cs=32 base=(40,255,255) shown=(255,240,0)
[09-20 01:37:42] color: cs=32 base=(40,255,255) shown=(255,240,0)
[09-20 01:37:42] color: cs=32 base=(40,255,255) shown=(255,240,0)
[09-20 01:37:42] color: cs=32 base=(40,255,255) shown=(255,240,0)
[09-20 01:37:42] color: cs=32 base=(40,255,255) shown=(255,240,0)
